// Jest Snapshot v1, https://goo.gl/fbAQLP

exports[`Dashboard Component should render dashboard component 1`] = `undefined`;
